Archive member included to satisfy reference by file (symbol)

c:/dev/tools/gcc-arm-none-eabi-10.3-2021.10/bin/../lib/gcc/arm-none-eabi/10.3.1/../../../../arm-none-eabi/lib/thumb/v7-m/nofp\libc_nano.a(lib_a-exit.o)
                              c:/dev/tools/gcc-arm-none-eabi-10.3-2021.10/bin/../lib/gcc/arm-none-eabi/10.3.1/../../../../arm-none-eabi/lib/thumb/v7-m/nofp/crt0.o (exit)
c:/dev/tools/gcc-arm-none-eabi-10.3-2021.10/bin/../lib/gcc/arm-none-eabi/10.3.1/../../../../arm-none-eabi/lib/thumb/v7-m/nofp\libc_nano.a(lib_a-impure.o)
                              c:/dev/tools/gcc-arm-none-eabi-10.3-2021.10/bin/../lib/gcc/arm-none-eabi/10.3.1/../../../../arm-none-eabi/lib/thumb/v7-m/nofp\libc_nano.a(lib_a-exit.o) (_global_impure_ptr)
c:/dev/tools/gcc-arm-none-eabi-10.3-2021.10/bin/../lib/gcc/arm-none-eabi/10.3.1/../../../../arm-none-eabi/lib/thumb/v7-m/nofp\libc_nano.a(lib_a-init.o)
                              c:/dev/tools/gcc-arm-none-eabi-10.3-2021.10/bin/../lib/gcc/arm-none-eabi/10.3.1/../../../../arm-none-eabi/lib/thumb/v7-m/nofp/crt0.o (__libc_init_array)
c:/dev/tools/gcc-arm-none-eabi-10.3-2021.10/bin/../lib/gcc/arm-none-eabi/10.3.1/../../../../arm-none-eabi/lib/thumb/v7-m/nofp\libc_nano.a(lib_a-memset.o)
                              c:/dev/tools/gcc-arm-none-eabi-10.3-2021.10/bin/../lib/gcc/arm-none-eabi/10.3.1/../../../../arm-none-eabi/lib/thumb/v7-m/nofp/crt0.o (memset)
c:/dev/tools/gcc-arm-none-eabi-10.3-2021.10/bin/../lib/gcc/arm-none-eabi/10.3.1/../../../../arm-none-eabi/lib/thumb/v7-m/nofp\libnosys.a(_exit.o)
                              c:/dev/tools/gcc-arm-none-eabi-10.3-2021.10/bin/../lib/gcc/arm-none-eabi/10.3.1/../../../../arm-none-eabi/lib/thumb/v7-m/nofp\libc_nano.a(lib_a-exit.o) (_exit)

Discarded input sections

 .text          0x00000000        0x0 c:/dev/tools/gcc-arm-none-eabi-10.3-2021.10/bin/../lib/gcc/arm-none-eabi/10.3.1/thumb/v7-m/nofp/crti.o
 .data          0x00000000        0x0 c:/dev/tools/gcc-arm-none-eabi-10.3-2021.10/bin/../lib/gcc/arm-none-eabi/10.3.1/thumb/v7-m/nofp/crti.o
 .bss           0x00000000        0x0 c:/dev/tools/gcc-arm-none-eabi-10.3-2021.10/bin/../lib/gcc/arm-none-eabi/10.3.1/thumb/v7-m/nofp/crti.o
 .data          0x00000000        0x4 c:/dev/tools/gcc-arm-none-eabi-10.3-2021.10/bin/../lib/gcc/arm-none-eabi/10.3.1/thumb/v7-m/nofp/crtbegin.o
 .rodata        0x00000000       0x24 c:/dev/tools/gcc-arm-none-eabi-10.3-2021.10/bin/../lib/gcc/arm-none-eabi/10.3.1/thumb/v7-m/nofp/crtbegin.o
 .text          0x00000000       0x7c c:/dev/tools/gcc-arm-none-eabi-10.3-2021.10/bin/../lib/gcc/arm-none-eabi/10.3.1/../../../../arm-none-eabi/lib/thumb/v7-m/nofp/crt0.o
 .data          0x00000000        0x0 c:/dev/tools/gcc-arm-none-eabi-10.3-2021.10/bin/../lib/gcc/arm-none-eabi/10.3.1/../../../../arm-none-eabi/lib/thumb/v7-m/nofp/crt0.o
 .bss           0x00000000        0x0 c:/dev/tools/gcc-arm-none-eabi-10.3-2021.10/bin/../lib/gcc/arm-none-eabi/10.3.1/../../../../arm-none-eabi/lib/thumb/v7-m/nofp/crt0.o
 .ARM.extab     0x00000000        0x0 c:/dev/tools/gcc-arm-none-eabi-10.3-2021.10/bin/../lib/gcc/arm-none-eabi/10.3.1/../../../../arm-none-eabi/lib/thumb/v7-m/nofp/crt0.o
 .ARM.exidx     0x00000000       0x10 c:/dev/tools/gcc-arm-none-eabi-10.3-2021.10/bin/../lib/gcc/arm-none-eabi/10.3.1/../../../../arm-none-eabi/lib/thumb/v7-m/nofp/crt0.o
 .ARM.attributes
                0x00000000       0x1b c:/dev/tools/gcc-arm-none-eabi-10.3-2021.10/bin/../lib/gcc/arm-none-eabi/10.3.1/../../../../arm-none-eabi/lib/thumb/v7-m/nofp/crt0.o
 .text          0x00000000        0x0 build/main.o
 .data          0x00000000        0x0 build/main.o
 .bss           0x00000000        0x0 build/main.o
 .text          0x00000000       0x14 build/startup_stm32f103c8tx.o
 .data          0x00000000        0x0 build/startup_stm32f103c8tx.o
 .bss           0x00000000        0x0 build/startup_stm32f103c8tx.o
 .text          0x00000000        0x0 c:/dev/tools/gcc-arm-none-eabi-10.3-2021.10/bin/../lib/gcc/arm-none-eabi/10.3.1/../../../../arm-none-eabi/lib/thumb/v7-m/nofp\libc_nano.a(lib_a-exit.o)
 .data          0x00000000        0x0 c:/dev/tools/gcc-arm-none-eabi-10.3-2021.10/bin/../lib/gcc/arm-none-eabi/10.3.1/../../../../arm-none-eabi/lib/thumb/v7-m/nofp\libc_nano.a(lib_a-exit.o)
 .bss           0x00000000        0x0 c:/dev/tools/gcc-arm-none-eabi-10.3-2021.10/bin/../lib/gcc/arm-none-eabi/10.3.1/../../../../arm-none-eabi/lib/thumb/v7-m/nofp\libc_nano.a(lib_a-exit.o)
 .text.exit     0x00000000       0x28 c:/dev/tools/gcc-arm-none-eabi-10.3-2021.10/bin/../lib/gcc/arm-none-eabi/10.3.1/../../../../arm-none-eabi/lib/thumb/v7-m/nofp\libc_nano.a(lib_a-exit.o)
 .debug_frame   0x00000000       0x28 c:/dev/tools/gcc-arm-none-eabi-10.3-2021.10/bin/../lib/gcc/arm-none-eabi/10.3.1/../../../../arm-none-eabi/lib/thumb/v7-m/nofp\libc_nano.a(lib_a-exit.o)
 .ARM.attributes
                0x00000000       0x2d c:/dev/tools/gcc-arm-none-eabi-10.3-2021.10/bin/../lib/gcc/arm-none-eabi/10.3.1/../../../../arm-none-eabi/lib/thumb/v7-m/nofp\libc_nano.a(lib_a-exit.o)
 .text          0x00000000        0x0 c:/dev/tools/gcc-arm-none-eabi-10.3-2021.10/bin/../lib/gcc/arm-none-eabi/10.3.1/../../../../arm-none-eabi/lib/thumb/v7-m/nofp\libc_nano.a(lib_a-impure.o)
 .data          0x00000000        0x0 c:/dev/tools/gcc-arm-none-eabi-10.3-2021.10/bin/../lib/gcc/arm-none-eabi/10.3.1/../../../../arm-none-eabi/lib/thumb/v7-m/nofp\libc_nano.a(lib_a-impure.o)
 .bss           0x00000000        0x0 c:/dev/tools/gcc-arm-none-eabi-10.3-2021.10/bin/../lib/gcc/arm-none-eabi/10.3.1/../../../../arm-none-eabi/lib/thumb/v7-m/nofp\libc_nano.a(lib_a-impure.o)
 .data._impure_ptr
                0x00000000        0x4 c:/dev/tools/gcc-arm-none-eabi-10.3-2021.10/bin/../lib/gcc/arm-none-eabi/10.3.1/../../../../arm-none-eabi/lib/thumb/v7-m/nofp\libc_nano.a(lib_a-impure.o)
 .data.impure_data
                0x00000000       0x60 c:/dev/tools/gcc-arm-none-eabi-10.3-2021.10/bin/../lib/gcc/arm-none-eabi/10.3.1/../../../../arm-none-eabi/lib/thumb/v7-m/nofp\libc_nano.a(lib_a-impure.o)
 .rodata._global_impure_ptr
                0x00000000        0x4 c:/dev/tools/gcc-arm-none-eabi-10.3-2021.10/bin/../lib/gcc/arm-none-eabi/10.3.1/../../../../arm-none-eabi/lib/thumb/v7-m/nofp\libc_nano.a(lib_a-impure.o)
 .ARM.attributes
                0x00000000       0x2d c:/dev/tools/gcc-arm-none-eabi-10.3-2021.10/bin/../lib/gcc/arm-none-eabi/10.3.1/../../../../arm-none-eabi/lib/thumb/v7-m/nofp\libc_nano.a(lib_a-impure.o)
 .text          0x00000000        0x0 c:/dev/tools/gcc-arm-none-eabi-10.3-2021.10/bin/../lib/gcc/arm-none-eabi/10.3.1/../../../../arm-none-eabi/lib/thumb/v7-m/nofp\libc_nano.a(lib_a-init.o)
 .data          0x00000000        0x0 c:/dev/tools/gcc-arm-none-eabi-10.3-2021.10/bin/../lib/gcc/arm-none-eabi/10.3.1/../../../../arm-none-eabi/lib/thumb/v7-m/nofp\libc_nano.a(lib_a-init.o)
 .bss           0x00000000        0x0 c:/dev/tools/gcc-arm-none-eabi-10.3-2021.10/bin/../lib/gcc/arm-none-eabi/10.3.1/../../../../arm-none-eabi/lib/thumb/v7-m/nofp\libc_nano.a(lib_a-init.o)
 .text          0x00000000        0x0 c:/dev/tools/gcc-arm-none-eabi-10.3-2021.10/bin/../lib/gcc/arm-none-eabi/10.3.1/../../../../arm-none-eabi/lib/thumb/v7-m/nofp\libc_nano.a(lib_a-memset.o)
 .data          0x00000000        0x0 c:/dev/tools/gcc-arm-none-eabi-10.3-2021.10/bin/../lib/gcc/arm-none-eabi/10.3.1/../../../../arm-none-eabi/lib/thumb/v7-m/nofp\libc_nano.a(lib_a-memset.o)
 .bss           0x00000000        0x0 c:/dev/tools/gcc-arm-none-eabi-10.3-2021.10/bin/../lib/gcc/arm-none-eabi/10.3.1/../../../../arm-none-eabi/lib/thumb/v7-m/nofp\libc_nano.a(lib_a-memset.o)
 .text.memset   0x00000000       0x10 c:/dev/tools/gcc-arm-none-eabi-10.3-2021.10/bin/../lib/gcc/arm-none-eabi/10.3.1/../../../../arm-none-eabi/lib/thumb/v7-m/nofp\libc_nano.a(lib_a-memset.o)
 .debug_frame   0x00000000       0x20 c:/dev/tools/gcc-arm-none-eabi-10.3-2021.10/bin/../lib/gcc/arm-none-eabi/10.3.1/../../../../arm-none-eabi/lib/thumb/v7-m/nofp\libc_nano.a(lib_a-memset.o)
 .ARM.attributes
                0x00000000       0x2d c:/dev/tools/gcc-arm-none-eabi-10.3-2021.10/bin/../lib/gcc/arm-none-eabi/10.3.1/../../../../arm-none-eabi/lib/thumb/v7-m/nofp\libc_nano.a(lib_a-memset.o)
 .text          0x00000000        0x0 c:/dev/tools/gcc-arm-none-eabi-10.3-2021.10/bin/../lib/gcc/arm-none-eabi/10.3.1/../../../../arm-none-eabi/lib/thumb/v7-m/nofp\libnosys.a(_exit.o)
 .data          0x00000000        0x0 c:/dev/tools/gcc-arm-none-eabi-10.3-2021.10/bin/../lib/gcc/arm-none-eabi/10.3.1/../../../../arm-none-eabi/lib/thumb/v7-m/nofp\libnosys.a(_exit.o)
 .bss           0x00000000        0x0 c:/dev/tools/gcc-arm-none-eabi-10.3-2021.10/bin/../lib/gcc/arm-none-eabi/10.3.1/../../../../arm-none-eabi/lib/thumb/v7-m/nofp\libnosys.a(_exit.o)
 .text._exit    0x00000000        0x4 c:/dev/tools/gcc-arm-none-eabi-10.3-2021.10/bin/../lib/gcc/arm-none-eabi/10.3.1/../../../../arm-none-eabi/lib/thumb/v7-m/nofp\libnosys.a(_exit.o)
 .debug_frame   0x00000000       0x20 c:/dev/tools/gcc-arm-none-eabi-10.3-2021.10/bin/../lib/gcc/arm-none-eabi/10.3.1/../../../../arm-none-eabi/lib/thumb/v7-m/nofp\libnosys.a(_exit.o)
 .ARM.attributes
                0x00000000       0x2d c:/dev/tools/gcc-arm-none-eabi-10.3-2021.10/bin/../lib/gcc/arm-none-eabi/10.3.1/../../../../arm-none-eabi/lib/thumb/v7-m/nofp\libnosys.a(_exit.o)
 .text          0x00000000        0x0 c:/dev/tools/gcc-arm-none-eabi-10.3-2021.10/bin/../lib/gcc/arm-none-eabi/10.3.1/thumb/v7-m/nofp/crtend.o
 .data          0x00000000        0x0 c:/dev/tools/gcc-arm-none-eabi-10.3-2021.10/bin/../lib/gcc/arm-none-eabi/10.3.1/thumb/v7-m/nofp/crtend.o
 .bss           0x00000000        0x0 c:/dev/tools/gcc-arm-none-eabi-10.3-2021.10/bin/../lib/gcc/arm-none-eabi/10.3.1/thumb/v7-m/nofp/crtend.o
 .rodata        0x00000000       0x24 c:/dev/tools/gcc-arm-none-eabi-10.3-2021.10/bin/../lib/gcc/arm-none-eabi/10.3.1/thumb/v7-m/nofp/crtend.o
 .eh_frame      0x00000000        0x4 c:/dev/tools/gcc-arm-none-eabi-10.3-2021.10/bin/../lib/gcc/arm-none-eabi/10.3.1/thumb/v7-m/nofp/crtend.o
 .ARM.attributes
                0x00000000       0x2d c:/dev/tools/gcc-arm-none-eabi-10.3-2021.10/bin/../lib/gcc/arm-none-eabi/10.3.1/thumb/v7-m/nofp/crtend.o
 .text          0x00000000        0x0 c:/dev/tools/gcc-arm-none-eabi-10.3-2021.10/bin/../lib/gcc/arm-none-eabi/10.3.1/thumb/v7-m/nofp/crtn.o
 .data          0x00000000        0x0 c:/dev/tools/gcc-arm-none-eabi-10.3-2021.10/bin/../lib/gcc/arm-none-eabi/10.3.1/thumb/v7-m/nofp/crtn.o
 .bss           0x00000000        0x0 c:/dev/tools/gcc-arm-none-eabi-10.3-2021.10/bin/../lib/gcc/arm-none-eabi/10.3.1/thumb/v7-m/nofp/crtn.o

Memory Configuration

Name             Origin             Length             Attributes
RAM              0x20000000         0x00005000         xrw
FLASH            0x08000000         0x00010000         xr
*default*        0x00000000         0xffffffff

Linker script and memory map

LOAD c:/dev/tools/gcc-arm-none-eabi-10.3-2021.10/bin/../lib/gcc/arm-none-eabi/10.3.1/thumb/v7-m/nofp/crti.o
LOAD c:/dev/tools/gcc-arm-none-eabi-10.3-2021.10/bin/../lib/gcc/arm-none-eabi/10.3.1/thumb/v7-m/nofp/crtbegin.o
LOAD c:/dev/tools/gcc-arm-none-eabi-10.3-2021.10/bin/../lib/gcc/arm-none-eabi/10.3.1/../../../../arm-none-eabi/lib/thumb/v7-m/nofp/crt0.o
LOAD build/main.o
LOAD build/startup_stm32f103c8tx.o
LOAD c:/dev/tools/gcc-arm-none-eabi-10.3-2021.10/bin/../lib/gcc/arm-none-eabi/10.3.1/../../../../arm-none-eabi/lib/thumb/v7-m/nofp\libc_nano.a
LOAD c:/dev/tools/gcc-arm-none-eabi-10.3-2021.10/bin/../lib/gcc/arm-none-eabi/10.3.1/../../../../arm-none-eabi/lib/thumb/v7-m/nofp\libm.a
LOAD c:/dev/tools/gcc-arm-none-eabi-10.3-2021.10/bin/../lib/gcc/arm-none-eabi/10.3.1/../../../../arm-none-eabi/lib/thumb/v7-m/nofp\libnosys.a
START GROUP
LOAD c:/dev/tools/gcc-arm-none-eabi-10.3-2021.10/bin/../lib/gcc/arm-none-eabi/10.3.1/thumb/v7-m/nofp\libgcc.a
LOAD c:/dev/tools/gcc-arm-none-eabi-10.3-2021.10/bin/../lib/gcc/arm-none-eabi/10.3.1/../../../../arm-none-eabi/lib/thumb/v7-m/nofp\libc_nano.a
END GROUP
START GROUP
LOAD c:/dev/tools/gcc-arm-none-eabi-10.3-2021.10/bin/../lib/gcc/arm-none-eabi/10.3.1/thumb/v7-m/nofp\libgcc.a
LOAD c:/dev/tools/gcc-arm-none-eabi-10.3-2021.10/bin/../lib/gcc/arm-none-eabi/10.3.1/../../../../arm-none-eabi/lib/thumb/v7-m/nofp\libc_nano.a
END GROUP
LOAD c:/dev/tools/gcc-arm-none-eabi-10.3-2021.10/bin/../lib/gcc/arm-none-eabi/10.3.1/thumb/v7-m/nofp/crtend.o
LOAD c:/dev/tools/gcc-arm-none-eabi-10.3-2021.10/bin/../lib/gcc/arm-none-eabi/10.3.1/thumb/v7-m/nofp/crtn.o
                0x20005000                _estack = (ORIGIN (RAM) + LENGTH (RAM))
                0x00000200                _Min_Heap_Size = 0x200
                0x00000400                _Min_Stack_Size = 0x400

.isr_vector     0x08000000      0x130
                0x08000000                . = ALIGN (0x4)
 *(.isr_vector)
 .isr_vector    0x08000000      0x130 build/startup_stm32f103c8tx.o
                0x08000000                g_pfnVectors
                0x08000130                . = ALIGN (0x4)

.text           0x08000130      0x140
                0x08000130                . = ALIGN (0x4)
 *(.text)
 .text          0x08000130       0x40 c:/dev/tools/gcc-arm-none-eabi-10.3-2021.10/bin/../lib/gcc/arm-none-eabi/10.3.1/thumb/v7-m/nofp/crtbegin.o
 *(.text*)
 .text.delay_ms
                0x08000170       0x16 build/main.o
                0x08000170                delay_ms
 *fill*         0x08000186        0x2 
 .text.main     0x08000188       0x34 build/main.o
                0x08000188                main
 .text.Reset_Handler
                0x080001bc       0x50 build/startup_stm32f103c8tx.o
                0x080001bc                Reset_Handler
 .text.Default_Handler
                0x0800020c        0x2 build/startup_stm32f103c8tx.o
                0x0800020c                EXTI2_IRQHandler
                0x0800020c                TIM8_TRG_COM_IRQHandler
                0x0800020c                TIM8_CC_IRQHandler
                0x0800020c                DebugMon_Handler
                0x0800020c                TIM1_CC_IRQHandler
                0x0800020c                HardFault_Handler
                0x0800020c                TIM6_IRQHandler
                0x0800020c                SysTick_Handler
                0x0800020c                PVD_IRQHandler
                0x0800020c                SDIO_IRQHandler
                0x0800020c                PendSV_Handler
                0x0800020c                NMI_Handler
                0x0800020c                EXTI3_IRQHandler
                0x0800020c                USB_HP_CAN_TX_IRQHandler
                0x0800020c                EXTI0_IRQHandler
                0x0800020c                I2C2_EV_IRQHandler
                0x0800020c                UsageFault_Handler
                0x0800020c                ADC1_2_IRQHandler
                0x0800020c                SPI1_IRQHandler
                0x0800020c                CAN_SCE_IRQHandler
                0x0800020c                TAMPER_IRQHandler
                0x0800020c                TIM8_UP_IRQHandler
                0x0800020c                DMA2_Channel2_IRQHandler
                0x0800020c                DMA1_Channel4_IRQHandler
                0x0800020c                USART3_IRQHandler
                0x0800020c                RTC_IRQHandler
                0x0800020c                DMA1_Channel7_IRQHandler
                0x0800020c                UART5_IRQHandler
                0x0800020c                ADC3_IRQHandler
                0x0800020c                TIM4_IRQHandler
                0x0800020c                CAN_RX1_IRQHandler
                0x0800020c                DMA2_Channel1_IRQHandler
                0x0800020c                I2C1_EV_IRQHandler
                0x0800020c                DMA1_Channel6_IRQHandler
                0x0800020c                UART4_IRQHandler
                0x0800020c                TIM3_IRQHandler
                0x0800020c                RCC_IRQHandler
                0x0800020c                TIM1_TRG_COM_IRQHandler
                0x0800020c                DMA1_Channel1_IRQHandler
                0x0800020c                Default_Handler
                0x0800020c                EXTI15_10_IRQHandler
                0x0800020c                TIM7_IRQHandler
                0x0800020c                TIM5_IRQHandler
                0x0800020c                EXTI9_5_IRQHandler
                0x0800020c                SPI2_IRQHandler
                0x0800020c                USB_LP_CAN_RX0_IRQHandler
                0x0800020c                MemManage_Handler
                0x0800020c                SVC_Handler
                0x0800020c                DMA1_Channel5_IRQHandler
                0x0800020c                EXTI4_IRQHandler
                0x0800020c                DMA1_Channel3_IRQHandler
                0x0800020c                FSMC_IRQHandler
                0x0800020c                TIM1_UP_IRQHandler
                0x0800020c                WWDG_IRQHandler
                0x0800020c                TIM2_IRQHandler
                0x0800020c                TIM1_BRK_IRQHandler
                0x0800020c                EXTI1_IRQHandler
                0x0800020c                RTCAlarm_IRQHandler
                0x0800020c                DMA2_Channel4_5_IRQHandler
                0x0800020c                USART2_IRQHandler
                0x0800020c                I2C2_ER_IRQHandler
                0x0800020c                DMA1_Channel2_IRQHandler
                0x0800020c                TIM8_BRK_IRQHandler
                0x0800020c                FLASH_IRQHandler
                0x0800020c                BusFault_Handler
                0x0800020c                USART1_IRQHandler
                0x0800020c                SPI3_IRQHandler
                0x0800020c                I2C1_ER_IRQHandler
                0x0800020c                DMA2_Channel3_IRQHandler
 *fill*         0x0800020e        0x2 
 .text.__libc_init_array
                0x08000210       0x48 c:/dev/tools/gcc-arm-none-eabi-10.3-2021.10/bin/../lib/gcc/arm-none-eabi/10.3.1/../../../../arm-none-eabi/lib/thumb/v7-m/nofp\libc_nano.a(lib_a-init.o)
                0x08000210                __libc_init_array
 *(.glue_7)
 .glue_7        0x08000258        0x0 linker stubs
 *(.glue_7t)
 .glue_7t       0x08000258        0x0 linker stubs
 *(.eh_frame)
 .eh_frame      0x08000258        0x0 c:/dev/tools/gcc-arm-none-eabi-10.3-2021.10/bin/../lib/gcc/arm-none-eabi/10.3.1/thumb/v7-m/nofp/crtbegin.o
 *(.init)
 .init          0x08000258        0x4 c:/dev/tools/gcc-arm-none-eabi-10.3-2021.10/bin/../lib/gcc/arm-none-eabi/10.3.1/thumb/v7-m/nofp/crti.o
                0x08000258                _init
 .init          0x0800025c        0x8 c:/dev/tools/gcc-arm-none-eabi-10.3-2021.10/bin/../lib/gcc/arm-none-eabi/10.3.1/thumb/v7-m/nofp/crtn.o
 *(.fini)
 .fini          0x08000264        0x4 c:/dev/tools/gcc-arm-none-eabi-10.3-2021.10/bin/../lib/gcc/arm-none-eabi/10.3.1/thumb/v7-m/nofp/crti.o
                0x08000264                _fini
 .fini          0x08000268        0x8 c:/dev/tools/gcc-arm-none-eabi-10.3-2021.10/bin/../lib/gcc/arm-none-eabi/10.3.1/thumb/v7-m/nofp/crtn.o
                0x08000270                . = ALIGN (0x4)
                0x08000270                _etext = .

.vfp11_veneer   0x08000270        0x0
 .vfp11_veneer  0x08000270        0x0 linker stubs

.v4_bx          0x08000270        0x0
 .v4_bx         0x08000270        0x0 linker stubs

.iplt           0x08000270        0x0
 .iplt          0x08000270        0x0 c:/dev/tools/gcc-arm-none-eabi-10.3-2021.10/bin/../lib/gcc/arm-none-eabi/10.3.1/thumb/v7-m/nofp/crtbegin.o

.rel.dyn        0x08000270        0x0
 .rel.iplt      0x08000270        0x0 c:/dev/tools/gcc-arm-none-eabi-10.3-2021.10/bin/../lib/gcc/arm-none-eabi/10.3.1/thumb/v7-m/nofp/crtbegin.o

.rodata         0x08000270        0x0
                0x08000270                . = ALIGN (0x4)
 *(.rodata)
 *(.rodata*)
                0x08000270                . = ALIGN (0x4)

.ARM.extab      0x08000270        0x0
                0x08000270                . = ALIGN (0x4)
 *(.ARM.extab* .gnu.linkonce.armextab.*)
                0x08000270                . = ALIGN (0x4)

.ARM            0x08000270        0x0
                0x08000270                . = ALIGN (0x4)
                0x08000270                __exidx_start = .
 *(.ARM.exidx*)
                0x08000270                __exidx_end = .
                0x08000270                . = ALIGN (0x4)

.preinit_array  0x08000270        0x0
                0x08000270                . = ALIGN (0x4)
                0x08000270                PROVIDE (__preinit_array_start = .)
 *(.preinit_array*)
                0x08000270                PROVIDE (__preinit_array_end = .)
                0x08000270                . = ALIGN (0x4)

.init_array     0x08000270        0x4
                0x08000270                . = ALIGN (0x4)
                0x08000270                PROVIDE (__init_array_start = .)
 *(SORT_BY_NAME(.init_array.*))
 *(.init_array*)
 .init_array    0x08000270        0x4 c:/dev/tools/gcc-arm-none-eabi-10.3-2021.10/bin/../lib/gcc/arm-none-eabi/10.3.1/thumb/v7-m/nofp/crtbegin.o
                0x08000274                PROVIDE (__init_array_end = .)
                0x08000274                . = ALIGN (0x4)

.fini_array     0x08000274        0x4
                0x08000274                . = ALIGN (0x4)
                [!provide]                PROVIDE (__fini_array_start = .)
 *(SORT_BY_NAME(.fini_array.*))
 *(.fini_array*)
 .fini_array    0x08000274        0x4 c:/dev/tools/gcc-arm-none-eabi-10.3-2021.10/bin/../lib/gcc/arm-none-eabi/10.3.1/thumb/v7-m/nofp/crtbegin.o
                [!provide]                PROVIDE (__fini_array_end = .)
                0x08000278                . = ALIGN (0x4)
                0x08000278                _sidata = LOADADDR (.data)

.data           0x20000000        0x0 load address 0x08000278
                0x20000000                . = ALIGN (0x4)
                0x20000000                _sdata = .
 *(.data)
 *(.data*)
 *(.RamFunc)
 *(.RamFunc*)
                0x20000000                . = ALIGN (0x4)
                0x20000000                _edata = .

.igot.plt       0x20000000        0x0 load address 0x08000278
 .igot.plt      0x20000000        0x0 c:/dev/tools/gcc-arm-none-eabi-10.3-2021.10/bin/../lib/gcc/arm-none-eabi/10.3.1/thumb/v7-m/nofp/crtbegin.o
                0x20000000                . = ALIGN (0x4)

.bss            0x20000000       0x1c load address 0x08000278
                0x20000000                _sbss = .
                0x20000000                __bss_start__ = _sbss
 *(.bss)
 .bss           0x20000000       0x1c c:/dev/tools/gcc-arm-none-eabi-10.3-2021.10/bin/../lib/gcc/arm-none-eabi/10.3.1/thumb/v7-m/nofp/crtbegin.o
 *(.bss*)
 *(COMMON)
                0x2000001c                . = ALIGN (0x4)
                0x2000001c                _ebss = .
                0x2000001c                __bss_end__ = _ebss

._user_heap_stack
                0x2000001c      0x604 load address 0x08000278
                0x20000020                . = ALIGN (0x8)
 *fill*         0x2000001c        0x4 
                [!provide]                PROVIDE (end = .)
                [!provide]                PROVIDE (_end = .)
                0x20000220                . = (. + _Min_Heap_Size)
 *fill*         0x20000020      0x200 
                0x20000620                . = (. + _Min_Stack_Size)
 *fill*         0x20000220      0x400 
                0x20000620                . = ALIGN (0x8)

/DISCARD/
 libc.a(*)
 libm.a(*)
 libgcc.a(*)

.ARM.attributes
                0x00000000       0x29
 *(.ARM.attributes)
 .ARM.attributes
                0x00000000       0x1d c:/dev/tools/gcc-arm-none-eabi-10.3-2021.10/bin/../lib/gcc/arm-none-eabi/10.3.1/thumb/v7-m/nofp/crti.o
 .ARM.attributes
                0x0000001d       0x2d c:/dev/tools/gcc-arm-none-eabi-10.3-2021.10/bin/../lib/gcc/arm-none-eabi/10.3.1/thumb/v7-m/nofp/crtbegin.o
 .ARM.attributes
                0x0000004a       0x2d build/main.o
 .ARM.attributes
                0x00000077       0x21 build/startup_stm32f103c8tx.o
 .ARM.attributes
                0x00000098       0x2d c:/dev/tools/gcc-arm-none-eabi-10.3-2021.10/bin/../lib/gcc/arm-none-eabi/10.3.1/../../../../arm-none-eabi/lib/thumb/v7-m/nofp\libc_nano.a(lib_a-init.o)
 .ARM.attributes
                0x000000c5       0x1d c:/dev/tools/gcc-arm-none-eabi-10.3-2021.10/bin/../lib/gcc/arm-none-eabi/10.3.1/thumb/v7-m/nofp/crtn.o
OUTPUT(build/Makefile.elf elf32-littlearm)
LOAD linker stubs
LOAD c:/dev/tools/gcc-arm-none-eabi-10.3-2021.10/bin/../lib/gcc/arm-none-eabi/10.3.1/../../../../arm-none-eabi/lib/thumb/v7-m/nofp\libc.a
LOAD c:/dev/tools/gcc-arm-none-eabi-10.3-2021.10/bin/../lib/gcc/arm-none-eabi/10.3.1/../../../../arm-none-eabi/lib/thumb/v7-m/nofp\libm.a
LOAD c:/dev/tools/gcc-arm-none-eabi-10.3-2021.10/bin/../lib/gcc/arm-none-eabi/10.3.1/thumb/v7-m/nofp\libgcc.a

.debug_info     0x00000000      0x11a
 .debug_info    0x00000000       0xf8 build/main.o
 .debug_info    0x000000f8       0x22 build/startup_stm32f103c8tx.o

.debug_abbrev   0x00000000       0xc9
 .debug_abbrev  0x00000000       0xb7 build/main.o
 .debug_abbrev  0x000000b7       0x12 build/startup_stm32f103c8tx.o

.debug_loc      0x00000000       0x57
 .debug_loc     0x00000000       0x57 build/main.o

.debug_aranges  0x00000000       0x50
 .debug_aranges
                0x00000000       0x28 build/main.o
 .debug_aranges
                0x00000028       0x28 build/startup_stm32f103c8tx.o

.debug_ranges   0x00000000       0x50
 .debug_ranges  0x00000000       0x30 build/main.o
 .debug_ranges  0x00000030       0x20 build/startup_stm32f103c8tx.o

.debug_line     0x00000000      0x1f1
 .debug_line    0x00000000      0x178 build/main.o
 .debug_line    0x00000178       0x79 build/startup_stm32f103c8tx.o

.debug_str      0x00000000      0x142
 .debug_str     0x00000000      0x11c build/main.o
                                0x159 (size before relaxing)
 .debug_str     0x0000011c       0x26 build/startup_stm32f103c8tx.o
                                 0x3f (size before relaxing)

.comment        0x00000000       0x49
 .comment       0x00000000       0x49 build/main.o
                                 0x4a (size before relaxing)

.debug_frame    0x00000000       0x64
 .debug_frame   0x00000000       0x38 build/main.o
 .debug_frame   0x00000038       0x2c c:/dev/tools/gcc-arm-none-eabi-10.3-2021.10/bin/../lib/gcc/arm-none-eabi/10.3.1/../../../../arm-none-eabi/lib/thumb/v7-m/nofp\libc_nano.a(lib_a-init.o)

Cross Reference Table

Symbol                                            File
ADC1_2_IRQHandler                                 build/startup_stm32f103c8tx.o
ADC3_IRQHandler                                   build/startup_stm32f103c8tx.o
BusFault_Handler                                  build/startup_stm32f103c8tx.o
CAN_RX1_IRQHandler                                build/startup_stm32f103c8tx.o
CAN_SCE_IRQHandler                                build/startup_stm32f103c8tx.o
DMA1_Channel1_IRQHandler                          build/startup_stm32f103c8tx.o
DMA1_Channel2_IRQHandler                          build/startup_stm32f103c8tx.o
DMA1_Channel3_IRQHandler                          build/startup_stm32f103c8tx.o
DMA1_Channel4_IRQHandler                          build/startup_stm32f103c8tx.o
DMA1_Channel5_IRQHandler                          build/startup_stm32f103c8tx.o
DMA1_Channel6_IRQHandler                          build/startup_stm32f103c8tx.o
DMA1_Channel7_IRQHandler                          build/startup_stm32f103c8tx.o
DMA2_Channel1_IRQHandler                          build/startup_stm32f103c8tx.o
DMA2_Channel2_IRQHandler                          build/startup_stm32f103c8tx.o
DMA2_Channel3_IRQHandler                          build/startup_stm32f103c8tx.o
DMA2_Channel4_5_IRQHandler                        build/startup_stm32f103c8tx.o
DebugMon_Handler                                  build/startup_stm32f103c8tx.o
Default_Handler                                   build/startup_stm32f103c8tx.o
EXTI0_IRQHandler                                  build/startup_stm32f103c8tx.o
EXTI15_10_IRQHandler                              build/startup_stm32f103c8tx.o
EXTI1_IRQHandler                                  build/startup_stm32f103c8tx.o
EXTI2_IRQHandler                                  build/startup_stm32f103c8tx.o
EXTI3_IRQHandler                                  build/startup_stm32f103c8tx.o
EXTI4_IRQHandler                                  build/startup_stm32f103c8tx.o
EXTI9_5_IRQHandler                                build/startup_stm32f103c8tx.o
FLASH_IRQHandler                                  build/startup_stm32f103c8tx.o
FSMC_IRQHandler                                   build/startup_stm32f103c8tx.o
HardFault_Handler                                 build/startup_stm32f103c8tx.o
I2C1_ER_IRQHandler                                build/startup_stm32f103c8tx.o
I2C1_EV_IRQHandler                                build/startup_stm32f103c8tx.o
I2C2_ER_IRQHandler                                build/startup_stm32f103c8tx.o
I2C2_EV_IRQHandler                                build/startup_stm32f103c8tx.o
MemManage_Handler                                 build/startup_stm32f103c8tx.o
NMI_Handler                                       build/startup_stm32f103c8tx.o
PVD_IRQHandler                                    build/startup_stm32f103c8tx.o
PendSV_Handler                                    build/startup_stm32f103c8tx.o
RCC_IRQHandler                                    build/startup_stm32f103c8tx.o
RTCAlarm_IRQHandler                               build/startup_stm32f103c8tx.o
RTC_IRQHandler                                    build/startup_stm32f103c8tx.o
Reset_Handler                                     build/startup_stm32f103c8tx.o
SDIO_IRQHandler                                   build/startup_stm32f103c8tx.o
SPI1_IRQHandler                                   build/startup_stm32f103c8tx.o
SPI2_IRQHandler                                   build/startup_stm32f103c8tx.o
SPI3_IRQHandler                                   build/startup_stm32f103c8tx.o
SVC_Handler                                       build/startup_stm32f103c8tx.o
SysTick_Handler                                   build/startup_stm32f103c8tx.o
SystemInit                                        build/startup_stm32f103c8tx.o
TAMPER_IRQHandler                                 build/startup_stm32f103c8tx.o
TIM1_BRK_IRQHandler                               build/startup_stm32f103c8tx.o
TIM1_CC_IRQHandler                                build/startup_stm32f103c8tx.o
TIM1_TRG_COM_IRQHandler                           build/startup_stm32f103c8tx.o
TIM1_UP_IRQHandler                                build/startup_stm32f103c8tx.o
TIM2_IRQHandler                                   build/startup_stm32f103c8tx.o
TIM3_IRQHandler                                   build/startup_stm32f103c8tx.o
TIM4_IRQHandler                                   build/startup_stm32f103c8tx.o
TIM5_IRQHandler                                   build/startup_stm32f103c8tx.o
TIM6_IRQHandler                                   build/startup_stm32f103c8tx.o
TIM7_IRQHandler                                   build/startup_stm32f103c8tx.o
TIM8_BRK_IRQHandler                               build/startup_stm32f103c8tx.o
TIM8_CC_IRQHandler                                build/startup_stm32f103c8tx.o
TIM8_TRG_COM_IRQHandler                           build/startup_stm32f103c8tx.o
TIM8_UP_IRQHandler                                build/startup_stm32f103c8tx.o
UART4_IRQHandler                                  build/startup_stm32f103c8tx.o
UART5_IRQHandler                                  build/startup_stm32f103c8tx.o
USART1_IRQHandler                                 build/startup_stm32f103c8tx.o
USART2_IRQHandler                                 build/startup_stm32f103c8tx.o
USART3_IRQHandler                                 build/startup_stm32f103c8tx.o
USB_HP_CAN_TX_IRQHandler                          build/startup_stm32f103c8tx.o
USB_LP_CAN_RX0_IRQHandler                         build/startup_stm32f103c8tx.o
UsageFault_Handler                                build/startup_stm32f103c8tx.o
WWDG_IRQHandler                                   build/startup_stm32f103c8tx.o
__bss_end__                                       c:/dev/tools/gcc-arm-none-eabi-10.3-2021.10/bin/../lib/gcc/arm-none-eabi/10.3.1/../../../../arm-none-eabi/lib/thumb/v7-m/nofp/crt0.o
__bss_start__                                     c:/dev/tools/gcc-arm-none-eabi-10.3-2021.10/bin/../lib/gcc/arm-none-eabi/10.3.1/../../../../arm-none-eabi/lib/thumb/v7-m/nofp/crt0.o
__call_exitprocs                                  c:/dev/tools/gcc-arm-none-eabi-10.3-2021.10/bin/../lib/gcc/arm-none-eabi/10.3.1/../../../../arm-none-eabi/lib/thumb/v7-m/nofp\libc_nano.a(lib_a-exit.o)
__deregister_frame_info                           c:/dev/tools/gcc-arm-none-eabi-10.3-2021.10/bin/../lib/gcc/arm-none-eabi/10.3.1/thumb/v7-m/nofp/crtbegin.o
__dso_handle                                      c:/dev/tools/gcc-arm-none-eabi-10.3-2021.10/bin/../lib/gcc/arm-none-eabi/10.3.1/thumb/v7-m/nofp/crtbegin.o
__init_array_end                                  c:/dev/tools/gcc-arm-none-eabi-10.3-2021.10/bin/../lib/gcc/arm-none-eabi/10.3.1/../../../../arm-none-eabi/lib/thumb/v7-m/nofp\libc_nano.a(lib_a-init.o)
__init_array_start                                c:/dev/tools/gcc-arm-none-eabi-10.3-2021.10/bin/../lib/gcc/arm-none-eabi/10.3.1/../../../../arm-none-eabi/lib/thumb/v7-m/nofp\libc_nano.a(lib_a-init.o)
__libc_fini_array                                 c:/dev/tools/gcc-arm-none-eabi-10.3-2021.10/bin/../lib/gcc/arm-none-eabi/10.3.1/../../../../arm-none-eabi/lib/thumb/v7-m/nofp/crt0.o
__libc_init_array                                 c:/dev/tools/gcc-arm-none-eabi-10.3-2021.10/bin/../lib/gcc/arm-none-eabi/10.3.1/../../../../arm-none-eabi/lib/thumb/v7-m/nofp\libc_nano.a(lib_a-init.o)
                                                  build/startup_stm32f103c8tx.o
                                                  c:/dev/tools/gcc-arm-none-eabi-10.3-2021.10/bin/../lib/gcc/arm-none-eabi/10.3.1/../../../../arm-none-eabi/lib/thumb/v7-m/nofp/crt0.o
__preinit_array_end                               c:/dev/tools/gcc-arm-none-eabi-10.3-2021.10/bin/../lib/gcc/arm-none-eabi/10.3.1/../../../../arm-none-eabi/lib/thumb/v7-m/nofp\libc_nano.a(lib_a-init.o)
__preinit_array_start                             c:/dev/tools/gcc-arm-none-eabi-10.3-2021.10/bin/../lib/gcc/arm-none-eabi/10.3.1/../../../../arm-none-eabi/lib/thumb/v7-m/nofp\libc_nano.a(lib_a-init.o)
__register_frame_info                             c:/dev/tools/gcc-arm-none-eabi-10.3-2021.10/bin/../lib/gcc/arm-none-eabi/10.3.1/thumb/v7-m/nofp/crtbegin.o
__sf_fake_stderr                                  c:/dev/tools/gcc-arm-none-eabi-10.3-2021.10/bin/../lib/gcc/arm-none-eabi/10.3.1/../../../../arm-none-eabi/lib/thumb/v7-m/nofp\libc_nano.a(lib_a-impure.o)
__sf_fake_stdin                                   c:/dev/tools/gcc-arm-none-eabi-10.3-2021.10/bin/../lib/gcc/arm-none-eabi/10.3.1/../../../../arm-none-eabi/lib/thumb/v7-m/nofp\libc_nano.a(lib_a-impure.o)
__sf_fake_stdout                                  c:/dev/tools/gcc-arm-none-eabi-10.3-2021.10/bin/../lib/gcc/arm-none-eabi/10.3.1/../../../../arm-none-eabi/lib/thumb/v7-m/nofp\libc_nano.a(lib_a-impure.o)
__stack                                           c:/dev/tools/gcc-arm-none-eabi-10.3-2021.10/bin/../lib/gcc/arm-none-eabi/10.3.1/../../../../arm-none-eabi/lib/thumb/v7-m/nofp/crt0.o
_ebss                                             build/startup_stm32f103c8tx.o
_edata                                            build/startup_stm32f103c8tx.o
_estack                                           build/startup_stm32f103c8tx.o
_exit                                             c:/dev/tools/gcc-arm-none-eabi-10.3-2021.10/bin/../lib/gcc/arm-none-eabi/10.3.1/../../../../arm-none-eabi/lib/thumb/v7-m/nofp\libnosys.a(_exit.o)
                                                  c:/dev/tools/gcc-arm-none-eabi-10.3-2021.10/bin/../lib/gcc/arm-none-eabi/10.3.1/../../../../arm-none-eabi/lib/thumb/v7-m/nofp\libc_nano.a(lib_a-exit.o)
_fini                                             c:/dev/tools/gcc-arm-none-eabi-10.3-2021.10/bin/../lib/gcc/arm-none-eabi/10.3.1/thumb/v7-m/nofp/crti.o
_global_impure_ptr                                c:/dev/tools/gcc-arm-none-eabi-10.3-2021.10/bin/../lib/gcc/arm-none-eabi/10.3.1/../../../../arm-none-eabi/lib/thumb/v7-m/nofp\libc_nano.a(lib_a-impure.o)
                                                  c:/dev/tools/gcc-arm-none-eabi-10.3-2021.10/bin/../lib/gcc/arm-none-eabi/10.3.1/../../../../arm-none-eabi/lib/thumb/v7-m/nofp\libc_nano.a(lib_a-exit.o)
_impure_ptr                                       c:/dev/tools/gcc-arm-none-eabi-10.3-2021.10/bin/../lib/gcc/arm-none-eabi/10.3.1/../../../../arm-none-eabi/lib/thumb/v7-m/nofp\libc_nano.a(lib_a-impure.o)
_init                                             c:/dev/tools/gcc-arm-none-eabi-10.3-2021.10/bin/../lib/gcc/arm-none-eabi/10.3.1/thumb/v7-m/nofp/crti.o
                                                  c:/dev/tools/gcc-arm-none-eabi-10.3-2021.10/bin/../lib/gcc/arm-none-eabi/10.3.1/../../../../arm-none-eabi/lib/thumb/v7-m/nofp\libc_nano.a(lib_a-init.o)
_mainCRTStartup                                   c:/dev/tools/gcc-arm-none-eabi-10.3-2021.10/bin/../lib/gcc/arm-none-eabi/10.3.1/../../../../arm-none-eabi/lib/thumb/v7-m/nofp/crt0.o
_sbss                                             build/startup_stm32f103c8tx.o
_sdata                                            build/startup_stm32f103c8tx.o
_sidata                                           build/startup_stm32f103c8tx.o
_stack_init                                       c:/dev/tools/gcc-arm-none-eabi-10.3-2021.10/bin/../lib/gcc/arm-none-eabi/10.3.1/../../../../arm-none-eabi/lib/thumb/v7-m/nofp/crt0.o
_start                                            c:/dev/tools/gcc-arm-none-eabi-10.3-2021.10/bin/../lib/gcc/arm-none-eabi/10.3.1/../../../../arm-none-eabi/lib/thumb/v7-m/nofp/crt0.o
atexit                                            c:/dev/tools/gcc-arm-none-eabi-10.3-2021.10/bin/../lib/gcc/arm-none-eabi/10.3.1/../../../../arm-none-eabi/lib/thumb/v7-m/nofp/crt0.o
delay_ms                                          build/main.o
exit                                              c:/dev/tools/gcc-arm-none-eabi-10.3-2021.10/bin/../lib/gcc/arm-none-eabi/10.3.1/../../../../arm-none-eabi/lib/thumb/v7-m/nofp\libc_nano.a(lib_a-exit.o)
                                                  c:/dev/tools/gcc-arm-none-eabi-10.3-2021.10/bin/../lib/gcc/arm-none-eabi/10.3.1/../../../../arm-none-eabi/lib/thumb/v7-m/nofp/crt0.o
g_pfnVectors                                      build/startup_stm32f103c8tx.o
hardware_init_hook                                c:/dev/tools/gcc-arm-none-eabi-10.3-2021.10/bin/../lib/gcc/arm-none-eabi/10.3.1/../../../../arm-none-eabi/lib/thumb/v7-m/nofp/crt0.o
main                                              build/main.o
                                                  build/startup_stm32f103c8tx.o
                                                  c:/dev/tools/gcc-arm-none-eabi-10.3-2021.10/bin/../lib/gcc/arm-none-eabi/10.3.1/../../../../arm-none-eabi/lib/thumb/v7-m/nofp/crt0.o
memset                                            c:/dev/tools/gcc-arm-none-eabi-10.3-2021.10/bin/../lib/gcc/arm-none-eabi/10.3.1/../../../../arm-none-eabi/lib/thumb/v7-m/nofp\libc_nano.a(lib_a-memset.o)
                                                  c:/dev/tools/gcc-arm-none-eabi-10.3-2021.10/bin/../lib/gcc/arm-none-eabi/10.3.1/../../../../arm-none-eabi/lib/thumb/v7-m/nofp/crt0.o
software_init_hook                                c:/dev/tools/gcc-arm-none-eabi-10.3-2021.10/bin/../lib/gcc/arm-none-eabi/10.3.1/../../../../arm-none-eabi/lib/thumb/v7-m/nofp/crt0.o
